../Core/Src/NRF24.c:31:6:nrf24_ToggleCSCE	16	static
../Core/Src/NRF24.c:56:6:nrf24_WriteRegister1bit	24	static
../Core/Src/NRF24.c:79:6:nrf24_WriteRegisterNbit	32	static
../Core/Src/NRF24.c:101:6:nrf24_ShowMemory	112	static
../Core/Src/NRF24.c:130:9:nrf24_ReadRegister1bit	24	static
../Core/Src/NRF24.c:153:6:nrf24_ReadRegisterNbit	24	static
../Core/Src/NRF24.c:171:6:nrf24_CmdTransmit	16	static
../Core/Src/NRF24.c:188:6:nrf24_reset	40	static
../Core/Src/NRF24.c:248:6:nrf24_Init	8	static
../Core/Src/NRF24.c:292:6:nrf24_TxMode	24	static
../Core/Src/NRF24.c:315:19:nrf24_Transmit	24	static
../Core/Src/NRF24.c:355:6:nrf24_RxMode	24	static
../Core/Src/NRF24.c:396:9:nrf24_DataAvailable	24	static
../Core/Src/NRF24.c:417:19:nrf24_Receive	24	static
