../Core/Src/NRF24.c:36:6:nrf24_ToggleCSCE	16	static
../Core/Src/NRF24.c:58:6:nrf24_WriteRegister1bit	24	static
../Core/Src/NRF24.c:79:6:nrf24_WriteRegisterNbit	32	static
../Core/Src/NRF24.c:102:9:nrf24_ReadRegister1bit	24	static
../Core/Src/NRF24.c:125:6:nrf24_ReadRegisterNbit	24	static
../Core/Src/NRF24.c:143:6:nrf24_CmdTransmit	16	static
../Core/Src/NRF24.c:160:6:nrf24_reset	40	static
../Core/Src/NRF24.c:220:6:nrf24_Init	8	static
../Core/Src/NRF24.c:264:6:nrf24_TxMode	24	static
../Core/Src/NRF24.c:287:19:nrf24_Transmit	24	static
../Core/Src/NRF24.c:329:6:nrf24_RxMode	24	static
../Core/Src/NRF24.c:370:9:nrf24_DataAvailable	24	static
../Core/Src/NRF24.c:391:19:nrf24_Receive	24	static
